test exits ./run_exit_tests aw bash ./test_exit


heredoc: (!!mafroud zabtin!!)
fel-ghaz@c1r5s6:~/newest1/Minishell-finall$ << $HOME
> $HOME
fel-ghaz@c1r5s6:~/newest1/Minishell-finall$ << $a
>
>
>
> $a
fel-ghaz@c1r5s6:~/newest1/Minishell-finall$ << "$HOME"
> $PWD
> $HOME
fel-ghaz@c1r5s6:~/newest1/Minishell-finall$ << "$HOME"
$PWD
$HOME
fel-ghaz@c1r5s6:~/newest1/Minishell-finall$ << $HOME
> wf
> $HOME
fel-ghaz@c1r5s6:~/newest1/Minishell-finall$ cat << a
> $HOME
> a
/home/fel-ghaz
fel-ghaz@c1r5s6:~/newest1/Minishell-finall$ cat << 'a'
> $HOME
> a
$HOME
fel-ghaz@c1r5s6:~/newest1/Minishell-finall$ cat << "a"
> $HOME
> a
$HOME
fel-ghaz@c1r5s6:~/newest1/Minishell-finall$ cat << $"a"
> $HOME
> a
$HOME
fel-ghaz@c1r5s6:~/newest1/Minishell-finall$ cat << "$a"
> $a
fel-ghaz@c1r5s6:~/newest1/Minishell-finall$ cat << $"$a"
> $HOME
> $a
$HOME
fel-ghaz@c1r5s6:~/newest1/Minishell-finall$



minihell> cat << "$home"
>
>

minihell> echo $HOME
/home/fel-ghaz
minihell> cat << "$HOME"
> /home/fel-ghaz
minihell>
//check for expansion after you take the del




minihell> ieHISAOHIuoVVO[UGVDG[WEBCY7UY FBVUISNDIUMFCPSGDFIYNCNGS7IDYFCMISN7IUNYTWRICURFCIUNFIUDSXCMISLFGREUIT7VNBCINFHMRIU TYERSIUFYUHVN ERFGIJHROUTY RNUEGHOWH YOREU NVHRUOTYURHVFIRHGYOT8 RGHREUOYHTDFJVKIO RHYERG
minishell: command not found
minihell> ieHISAOHIuoVVO[UGVDG[WEBCY7UY FBVUISNDIUMFCPSGDFIYNCNGS7IDYFCMISN7IUNYTWRICURFCIUNFIUDSXCMISLFGREUIT7VNBCINFHMRIU TYERSIUFYUHVN ERFGIJHROUTY RNUEGHOWH YOREU NVHRUOTYURHVFIRHGYOT8 RGHREUOYHTDFJVKIO RHYERGieHISAOHIuoVVO[UGVDG[WEBCY7UY FBVUISNDIUMFCPSGDFIYNCNGS7IDYFCMISN7IUNYTWRICURFCIUNFIUDSXCMISLFGREUIT7VNBCINFHMRIU TYERSIUFYUHVN ERFGIJHROUTY RNUEGHOWH YOREU NVHRUOTYURHVFIRHGYOT8 RGHREUOYHTDFJVKIO RHYERGieHISAOHIuoVVO[UGVDG[WEBCY7UY FBVUISNDIUMFCPSGDFIYNCNGS7IDYFCMISN7IUNYTWRICURFCIUNFIUDSXCMISLFGREUIT7VNBCINFHMRIU TYERSIUFYUHVN ERFGIJHROUTY RNUEGHOWH YOREU NVHRUOTYURHVFIRHGYOT8 RGHREUOYHTDFJVKIO RHYERGieHISAOHIuoVVO[UGVDG[WEBCY7UY FBVUISNDIUMFCPSGDFIYNCNGS7IDYFCMISN7IUNYTWRICURFCIUNFIUDSXCMISLFGREUIT7VNBCINFHMRIU TYERSIUFYUHVN ERFGIJHROUTY RNUEGHOWH YOREU NVHRUOTYURHVFIRHGYOT8 RGHREUOYHTDFJVKIO RHYERGieHISAOHIuoVVO[UGVDG[WEBCY7UY FBVUISNDIUMFCPSGDFIYNCNGS7IDYFCMISN7IUNYTWRICURFCIUNFIUDSXCMISLFGREUIT7VNBCINFHMRIU TYERSIUFYUHVN ERFGIJHROUTY RNUEGHOWH YOREU NVHRUOTYURHVFIRHGYOT8 RGHREUOYHTDFJVKIO RHYERGieHISAOHIuoVVO[UGVDG[WEBCY7UY FBVUISNDIUMFCPSGDFIYNCNGS7IDYFCMISN7IUNYTWRICURFCIUNFIUDSXCMISLFGREUIT7VNBCINFHMRIU TYERSIUFYUHVN ERFGIJHROUTY RNUEGHOWH YOREU NVHRUOTYURHVFIRHGYOT8 RGHREUOYHTDFJVKIO RHYERGieHISAOHIuoVVO[UGVDG[WEBCY7UY FBVUISNDIUMFCPSGDFIYNCNGS7IDYFCMISN7IUNYTWRICURFCIUNFIUDSXCMISLFGREUIT7VNBCINFHMRIU TYERSIUFYUHVN ERFGIJHROUTY RNUEGHOWH YOREU NVHRUOTYURHVFIRHGYOT8 RGHREUOYHTDFJVKIO RHYERGieHISAOHIuoVVO[UGVDG[WEBCY7UY FBVUISNDIUMFCPSGDFIYNCNGS7IDYFCMISN7IUNYTWRICURFCIUNFIUDSXCMISLFGREUIT7VNBCINFHMRIU TYERSIUFYUHVN ERFGIJHROUTY RNUEGHOWH YOREU NVHRUOTYURHVFIRHGYOT8 RGHREUOYHTDFJVKIO RHYERGieHISAOHIuoVVO[UGVDG[WEBCY7UY FBVUISNDIUMFCPSGDFIYNCNGS7IDYFCMISN7IUNYTWRICURFCIUNFIUDSXCMISLFGREUIT7VNBCINFHMRIU TYERSIUFYUHVN ERFGIJHROUTY RNUEGHOWH YOREU NVHRUOTYURHVFIRHGYOT8 RGHREUOYHTDFJVKIO RHYERGieHISAOHIuoVVO[UGVDG[WEBCY7UY FBVUISNDIUMFCPSGDFIYNCNGS7IDYFCMISN7IUNYTWRICURFCIUNFIUDSXCMISLFGREUIT7VNBCINFHMRIU TYERSIUFYUHVN ERFGIJHROUTY RNUEGHOWH YOREU NVHRUOTYURHVFIRHGYOT8 RGHREUOYHTDFJVKIO RHYERGieHISAOHIuoVVO[UGVDG[WEBCY7UY FBVUISNDIUMFCPSGDFIYNCNGS7IDYFCMISN7IUNYTWRICURFCIUNFIUDSXCMISLFGREUIT7VNBCINFHMRIU TYERSIUFYUHVN ERFGIJHROUTY RNUEGHOWH YOREU NVHRUOTYURHVFIRHGYOT8 RGHREUOYHTDFJVKIO RHYERGieHISAOHIuoVVO[UGVDG[WEBCY7UY FBVUISNDIUMFCPSGDFIYNCNGS7IDYFCMISN7IUNYTWRICURFCIUNFIUDSXCMISLFGREUIT7VNBCINFHMRIU TYERSIUFYUHVN ERFGIJHROUTY RNUEGHOWH YOREU NVHRUOTYURHVFIRHGYOT8 RGHREUOYHTDFJVKIO RHYERGieHISAOHIuoVVO[UGVDG[WEBCY7UY FBVUISNDIUMFCPSGDFIYNCNGS7IDYFCMISN7IUNYTWRICURFCIUNFIUDSXCMISLFGREUIT7VNBCINFHMRIU TYERSIUFYUHVN ERFGIJHROUTY RNUEGHOWH YOREU NVHRUOTYURHVFIRHGYOT8 RGHREUOYHTDFJVKIO RHYERGieHISAOHIuoVVO[UGVDG[WEBCY7UY FBVUISNDIUMFCPSGDFIYNCNGS7IDYFCMISN7IUNYTWRICURFCIUNFIUDSXCMISLFGREUIT7VNBCINFHMRIU TYERSIUFYUHVN ERFGIJHROUTY RNUEGHOWH YOREU NVHRUOTYURHVFIRHGYOT8 RGHREUOYHTDFJVKIO RHYERGieHISAOHIuoVVO[UGVDG[WEBCY7UY FBVUISNDIUMFCPSGDFIYNCNGS7IDYFCMISN7IUNYTWRICURFCIUNFIUDSXCMISLFGREUIT7VNBCINFHMRIU TYERSIUFYUHVN ERFGIJHROUTY RNUEGHOWH YOREU NVHRUOTYURHVFIRHGYOT8 RGHREUOYHTDFJVKIO RHYERGieHISAOHIuoVVO[UGVDG[WEBCY7UY FBVUISNDIUMFCPSGDFIYNCNGS7IDYFCMISN7IUNYTWRICURFCIUNFIUDSXCMISLFGREUIT7VNBCINFHMRIU TYERSIUFYUHVN ERFGIJHROUTY RNUEGHOWH YOREU NVHRUOTYURHVFIRHGYOT8 RGHREUOYHTDFJVKIO RHYERGieHISAOHIuoVVO[UGVDG[WEBCY7UY FBVUISNDIUMFCPSGDFIYNCNGS7IDYFCMISN7IUNYTWRICURFCIUNFIUDSXCMISLFGREUIT7VNBCINFHMRIU TYERSIUFYUHVN ERFGIJHROUTY RNUEGHOWH YOREU NVHRUOTYURHVFIRHGYOT8 RGHREUOYHTDFJVKIO RHYERGieHISAOHIuoVVO[UGVDG[WEBCY7UY FBVUISNDIUMFCPSGDFIYNCNGS7IDYFCMISN7IUNYTWRICURFCIUNFIUDSXCMISLFGREUIT7VNBCINFHMRIU TYERSIUFYUHVN ERFGIJHROUTY RNUEGHOWH YOREU NVHRUOTYURHVFIRHGYOT8 RGHREUOYHTDFJVKIO RHYERGieHISAOHIuoVVO[UGVDG[WEBCY7UY FBVUISNDIUMFCPSGDFIYNCNGS7IDYFCMISN7IUNYTWRICURFCIUNFIUDSXCMISLFGREUIT7VNBCINFHMRIU TYERSIUFYUHVN ERFGIJHROUTY RNUEGHOWH YOREU NVHRUOTYURHVFIRHGYOT8 RGHREUOYHTDFJVKIO RHYERGieHISAOHIuoVVO[UGVDG[WEBCY7UY FBVUISNDIUMFCPSGDFIYNCNGS7IDYFCMISN7IUNYTWRICURFCIUNFIUDSXCMISLFGREUIT7VNBCINFHMRIU TYERSIUFYUHVN ERFGIJHROUTY RNUEGHOWH YOREU NVHRUOTYURHVFIRHGYOT8 RGHREUOYHTDFJVKIO RHYERGieHISAOHIuoVVO[UGVDG[WEBCY7UY FBVUISNDIUMFCPSGDFIYNCNGS7IDYFCMISN7IUNYTWRICURFCIUNFIUDSXCMISLFGREUIT7VNBCINFHMRIU TYERSIUFYUHVN ERFGIJHROUTY RNUEGHOWH YOREU NVHRUOTYURHVFIRHGYOT8 RGHREUOYHTDFJVKIO RHYERGieHISAOHIuoVVO[UGVDG[WEBCY7UY FBVUISNDIUMFCPSGDFIYNCNGS7IDYFCMISN7IUNYTWRICURFCIUNFIUDSXCMISLFGREUIT7VNBCINFHMRIU TYERSIUFYUHVN ERFGIJHROUTY RNUEGHOWH YOREU NVHRUOTYURHVFIRHGYOT8 RGHREUOYHTDFJVKIO RHYERGieHISAOHIuoVVO[UGVDG[WEBCY7UY FBVUISNDIUMFCPSGDFIYNCNGS7IDYFCMISN7IUNYTWRICURFCIUNFIUDSXCMISLFGREUIT7VNBCINFHMRIU TYERSIUFYUHVN ERFGIJHROUTY RNUEGHOWH YOREU NVHRUOTYURHVFIRHGYOT8 RGHREUOYHTDFJVKIO RHYERGieHISAOHIuoVVO[UGVDG[WEBCY7UY FBVUISNDIUMFCPSGDFIYNCNGS7IDYFCMISN7IUNYTWRICURFCIUNFIUDSXCMISLFGREUIT7VNBCINFHMRIU TYERSIUFYUHVN ERFGIJHROUTY RNUEGHOWH YOREU NVHRUOTYURHVFIRHGYOT8 RGHREUOYHTDFJVKIO RHYERGieHISAOHIuoVVO[UGVDG[WEBCY7UY FBVUISNDIUMFCPSGDFIYNCNGS7IDYFCMISN7IUNYTWRICURFCIUNFIUDSXCMISLFGREUIT7VNBCINFHMRIU TYERSIUFYUHVN ERFGIJHROUTY RNUEGHOWH YOREU NVHRUOTYURHVFIRHGYOT8 RGHREUOYHTDFJVKIO RHYERGieHISAOHIuoVVO[UGVDG[WEBCY7UY FBVUISNDIUMFCPSGDFIYNCNGS7IDYFCMISN7IUNYTWRICURFCIUNFIUDSXCMISLFGREUIT7VNBCINFHMRIU TYERSIUFYUHVN ERFGIJHROUTY RNUEGHOWH YOREU NVHRUOTYURHVFIRHGYOT8 RGHREUOYHTDFJVKIO RHYERGieHISAOHIuoVVO[UGVDG[WEBCY7UY FBVUISNDIUMFCPSGDFIYNCNGS7IDYFCMISN7IUNYTWRICURFCIUNFIUDSXCMISLFGREUIT7VNBCINFHMRIU TYERSIUFYUHVN ERFGIJHROUTY RNUEGHOWH YOREU NVHRUOTYURHVFIRHGYOT8 RGHREUOYHTDFJVKIO RHYERGieHISAOHIuoVVO[UGVDG[WEBCY7UY FBVUISNDIUMFCPSGDFIYNCNGS7IDYFCMISN7IUNYTWRICURFCIUNFIUDSXCMISLFGREUIT7VNBCINFHMRIU TYERSIUFYUHVN ERFGIJHROUTY RNUEGHOWH YOREU NVHRUOTYURHVFIRHGYOT8 RGHREUOYHTDFJVKIO RHYERGieHISAOHIuoVVO[UGVDG[WEBCY7UY FBVUISNDIUMFCPSGDFIYNCNGS7IDYFCMISN7IUNYTWRICURFCIUNFIUDSXCMISLFGREUIT7VNBCINFHMRIU TYERSIUFYUHVN ERFGIJHROUTY RNUEGHOWH YOREU NVHRUOTYURHVFIRHGYOT8 RGHREUOYHTDFJVKIO RHYERGieHISAOHIuoVVO[UGVDG[WEBCY7UY FBVUISNDIUMFCPSGDFIYNCNGS7IDYFCMISN7IUNYTWRICURFCIUNFIUDSXCMISLFGREUIT7VNBCINFHMRIU TYERSIUFYUHVN ERFGIJHROUTY RNUEGHOWH YOREU NVHRUOTYURHVFIRHGYOT8 RGHREUOYHTDFJVKIO RHYERGieHISAOHIuoVVO[UGVDG[WEBCY7UY FBVUISNDIUMFCPSGDFIYNCNGS7IDYFCMISN7IUNYTWRICURFCIUNFIUDSXCMISLFGREUIT7VNBCINFHMRIU TYERSIUFYUHVN ERFGIJHROUTY RNUEGHOWH YOREU NVHRUOTYURHVFIRHGYOT8 RGHREUOYHTDFJVKIO RHYERGieHISAOHIuoVVO[UGVDG[WEBCY7UY FBVUISNDIUMFCPSGDFIYNCNGS7IDYFCMISN7IUNYTWRICURFCIUNFIUDSXCMISLFGREUIT7VNBCINFHMRIU TYERSIUFYUHVN ERFGIJHROUTY RNUEGHOWH YOREU NVHRUOTYURHVFIRHGYOT8 RGHREUOYHTDFJVKIO RHYERGieHISAOHIuoVVO[UGVDG[WEBCY7UY FBVUISNDIUMFCPSGDFIYNCNGS7IDYFCMISN7IUNYTWRICURFCIUNFIUDSXCMISLFGREUIT7VNBCINFHMRIU TYERSIUFYUHVN ERFGIJHROUTY RNUEGHOWH YOREU NVHRUOTYURHVFIRHGYOT8 RGHREUOYHTDFJVKIO RHYERGieHISAOHIuoVVO[UGVDG[WEBCY7UY FBVUISNDIUMFCPSGDFIYNCNGS7IDYFCMISN7IUNYTWRICURFCIUNFIUDSXCMISLFGREUIT7VNBCINFHMRIU TYERSIUFYUHVN ERFGIJHROUTY RNUEGHOWH YOREU NVHRUOTYURHVFIRHGYOT8 RGHREUOYHTDFJVKIO RHYERGieHISAOHIuoVVO[UGVDG[WEBCY7UY FBVUISNDIUMFCPSGDFIYNCNGS7IDYFCMISN7IUNYTWRICURFCIUNFIUDSXCMISLFGREUIT7VNBCINFHMRIU TYERSIUFYUHVN ERFGIJHROUTY RNUEGHOWH YOREU NVHRUOTYURHVFIRHGYOT8 RGHREUOYHTDFJVKIO RHYERGieHISAOHIuoVVO[UGVDG[WEBCY7UY FBVUISNDIUMFCPSGDFIYNCNGS7IDYFCMISN7IUNYTWRICURFCIUNFIUDSXCMISLFGREUIT7VNBCINFHMRIU TYERSIUFYUHVN ERFGIJHROUTY RNUEGHOWH YOREU NVHRUOTYURHVFIRHGYOT8 RGHREUOYHTDFJVKIO RHYERGieHISAOHIuoVVO[UGVDG[WEBCY7UY FBVUISNDIUMFCPSGDFIYNCNGS7IDYFCMISN7IUNYTWRICURFCIUNFIUDSXCMISLFGREUIT7VNBCINFHMRIU TYERSIUFYUHVN ERFGIJHROUTY RNUEGHOWH YOREU NVHRUOTYURHVFIRHGYOT8 RGHREUOYHTDFJVKIO RHYERGieHISAOHIuoVVO[UGVDG[WEBCY7UY FBVUISNDIUMFCPSGDFIYNCNGS7IDYFCMISN7IUNYTWRICURFCIUNFIUDSXCMISLFGREUIT7VNBCINFHMRIU TYERSIUFYUHVN ERFGIJHROUTY RNUEGHOWH YOREU NVHRUOTYURHVFIRHGYOT8 RGHREUOYHTDFJVKIO RHYERGieHISAOHIuoVVO[UGVDG[WEBCY7UY FBVUISNDIUMFCPSGDFIYNCNGS7IDYFCMISN7IUNYTWRICURFCIUNFIUDSXCMISLFGREUIT7VNBCINFHMRIU TYERSIUFYUHVN ERFGIJHROUTY RNUEGHOWH YOREU NVHRUOTYURHVFIRHGYOT8 RGHREUOYHTDFJVKIO RHYERGieHISAOHIuoVVO[UGVDG[WEBCY7UY FBVUISNDIUMFCPSGDFIYNCNGS7IDYFCMISN7IUNYTWRICURFCIUNFIUDSXCMISLFGREUIT7VNBCINFHMRIU TYERSIUFYUHVN ERFGIJHROUTY RNUEGHOWH YOREU NVHRUOTYURHVFIRHGYOT8 RGHREUOYHTDFJVKIO RHYERGieHISAOHIuoVVO[UGVDG[WEBCY7UY FBVUISNDIUMFCPSGDFIYNCNGS7IDYFCMISN7IUNYTWRICURFCIUNFIUDSXCMISLFGREUIT7VNBCINFHMRIU TYERSIUFYUHVN ERFGIJHROUTY RNUEGHOWH YOREU NVHRUOTYURHVFIRHGYOT8 RGHREUOYHTDFJVKIO RHYERGieHISAOHIuoVVO[UGVDG[WEBCY7UY FBVUISNDIUMFCPSGDFIYNCNGS7IDYFCMISN7IUNYTWRICURFCIUNFIUDSXCMISLFGREUIT7VNBCINFHMRIU TYERSIUFYUHVN ERFGIJHROUTY RNUEGHOWH YOREU NVHRUOTYURHVFIRHGYOT8 RGHREUOYHTDFJVKIO RHYERGieHISAOHIuoVVO[UGVDG[WEBCY7UY FBVUISNDIUMFCPSGDFIYNCNGS7IDYFCMISN7IUNYTWRICURFCIUNFIUDSXCMISLFGREUIT7VNBCINFHMRIU TYERSIUFYUHVN ERFGIJHROUTY RNUEGHOWH YOREU NVHRUOTYURHVFIRHGYOT8 RGHREUOYHTDFJVKIO RHYERGieHISAOHIuoVVO[UGVDG[WEBCY7UY FBVUISNDIUMFCPSGDFIYNCNGS7IDYFCMISN7IUNYTWRICURFCIUNFIUDSXCMISLFGREUIT7VNBCINFHMRIU TYERSIUFYUHVN ERFGIJHROUTY RNUEGHOWH YOREU NVHRUOTYURHVFIRHGYOT8 RGHREUOYHTDFJVKIO RHYERGieHISAOHIuoVVO[UGVDG[WEBCY7UY FBVUISNDIUMFCPSGDFIYNCNGS7IDYFCMISN7IUNYTWRICURFCIUNFIUDSXCMISLFGREUIT7VNBCINFHMRIU TYERSIUFYUHVN ERFGIJHROUTY RNUEGHOWH YOREU NVHRUOTYURHVFIRHGYOT8 RGHREUOYHTDFJVKIO RHYERGieHISAOHIuoVVO[UGVDG[WEBCY7UY FBVUISNDIUMFCPSGDFIYNCNGS7IDYFCMISN7IUNYTWRICURFCIUNFIUDSXCMISLFGREUIT7VNBCINFHMRIU TYERSIUFYUHVN ERFGIJHROUTY RNUEGHOWH YOREU NVHRUOTYURHVFIRHGYOT8 RGHREUOYHTDFJVKIO RHYERGieHISAOHIuoVVO[UGVDG[WEBCY7UY FBVUISNDIUMFCPSGDFIYNCNGS7IDYFCMISN7IUNYTWRICURFCIUNFIUDSXCMISLFGREUIT7VNBCINFHMRIU TYERSIUFYUHVN ERFGIJHROUTY RNUEGHOWH YOREU NVHRUOTYURHVFIRHGYOT8 RGHREUOYHTDFJVKIO RHYERGieHISAOHIuoVVO[UGVDG[WEBCY7UY FBVUISNDIUMFCPSGDFIYNCNGS7IDYFCMISN7IUNYTWRICURFCIUNFIUDSXCMISLFGREUIT7VNBCINFHMRIU TYERSIUFYUHVN ERFGIJHROUTY RNUEGHOWH YOREU NVHRUOTYURHVFIRHGYOT8 RGHREUOYHTDFJVKIO RHYERGieHISAOHIuoVVO[UGVDG[WEBCY7UY FBVUISNDIUMFCPSGDFIYNCNGS7IDYFCMISN7IUNYTWRICURFCIUNFIUDSXCMISLFGREUIT7VNBCINFHMRIU TYERSIUFYUHVN ERFGIJHROUTY RNUEGHOWH YOREU NVHRUOTYURHVFIRHGYOT8 RGHREUOYHTDFJVKIO RHYERGieHISAOHIuoVVO[UGVDG[WEBCY7UY FBVUISNDIUMFCPSGDFIYNCNGS7IDYFCMISN7IUNYTWRICURFCIUNFIUDSXCMISLFGREUIT7VNBCINFHMRIU TYERSIUFYUHVN ERFGIJHROUTY RNUEGHOWH YOREU NVHRUOTYURHVFIRHGYOT8 RGHREUOYHTDFJVKIO RHYERGieHISAOHIuoVVO[UGVDG[WEBCY7UY FBVUISNDIUMFCPSGDFIYNCNGS7IDYFCMISN7IUNYTWRICURFCIUNFIUDSXCMISLFGREUIT7VNBCINFHMRIU TYERSIUFYUHVN ERFGIJHROUTY RNUEGHOWH YOREU NVHRUOTYURHVFIRHGYOT8 RGHREUOYHTDFJVKIO RHYERGieHISAOHIuoVVO[UGVDG[WEBCY7UY FBVUISNDIUMFCPSGDFIYNCNGS7IDYFCMISN7IUNYTWRICURFCIUNFIUDSXCMISLFGREUIT7VNBCINFHMRIU TYERSIUFYUHVN ERFGIJHROUTY RNUEGHOWH YOREU NVHRUOTYURHVFIRHGYOT8 RGHREUOYHTDFJVKIO RHYERGieHISAOHIuoVVO[UGVDG[WEBCY7UY FBVUISNDIUMFCPSGDFIYNCNGS7IDYFCMISN7IUNYTWRICURFCIUNFIUDSXCMISLFGREUIT7VNBCINFHMRIU TYERSIUFYUHVN ERFGIJHROUTY RNUEGHOWH YOREU NVHRUOTYURHVFIRHGYOT8 RGHREUOYHTDFJVKIO RHYERGieHISAOHIuoVVO[UGVDG[WEBCY7UY FBVUISNDIUMFCPSGDFIYNCNGS7IDYFCMISN7IUNYTWRICURFCIUNFIUDSXCMISLFGREUIT7VNBCINFHMRIU TYERSIUFYUHVN ERFGIJHROUTY RNUEGHOWH YOREU NVHRUOTYURHVFIRHGYOT8 RGHREUOYHTDFJVKIO RHYERGieHISAOHIuoVVO[UGVDG[WEBCY7UY FBVUISNDIUMFCPSGDFIYNCNGS7IDYFCMISN7IUNYTWRICURFCIUNFIUDSXCMISLFGREUIT7VNBCINFHMRIU TYERSIUFYUHVN ERFGIJHROUTY RNUEGHOWH YOREU NVHRUOTYURHVFIRHGYOT8 RGHREUOYHTDFJVKIO RHYERGieHISAOHIuoVVO[UGVDG[WEBCY7UY FBVUISNDIUMFCPSGDFIYNCNGS7IDYFCMISN7IUNYTWRICURFCIUNFIUDSXCMISLFGREUIT7VNBCINFHMRIU TYERSIUFYUHVN ERFGIJHROUTY RNUEGHOWH YOREU NVHRUOTYURHVFIRHGYOT8 RGHREUOYHTDFJVKIO RHYERGieHISAOHIuoVVO[UGVDG[WEBCY7UY FBVUISNDIUMFCPSGDFIYNCNGS7IDYFCMISN7IUNYTWRICURFCIUNFIUDSXCMISLFGREUIT7VNBCINFHMRIU TYERSIUFYUHVN ERFGIJHROUTY RNUEGHOWH YOREU NVHRUOTYURHVFIRHGYOT8 RGHREUOYHTDFJVKIO RHYERGieHISAOHIuoVVO[UGVDG[WEBCY7UY FBVUISNDIUMFCPSGDFIYNCNGS7IDYFCMISN7IUNYTWRICURFCIUNFIUDSXCMISLFGREUIT7VNBCINFHMRIU TYERSIUFYUHVN ERFGIJHROUTY RNUEGHOWH YOREU NVHRUOTYURHVFIRHGYOT8 RGHREUOYHTDFJVKIO RHYERGieHISAOHIuoVVO[UGVDG[WEBCY7UY FBVUISNDIUMFCPSGDFIYNCNGS7IDYFCMISN7IUNYTWRICURFCIUNFIUDSXCMISLFGREUIT7VNBCINFHMRIU TYERSIUFYUHVN ERFGIJHROUTY RNUEGHOWH YOREU NVHRUOTYURHVFIRHGYOT8 RGHREUOYHTDFJVKIO RHYERGieHISAOHIuoVVO[UGVDG[WEBCY7UY FBVUISNDIUMFCPSGDFIYNCNGS7IDYFCMISN7IUNYTWRICURFCIUNFIUDSXCMISLFGREUIT7VNBCINFHMRIU TYERSIUFYUHVN ERFGIJHROUTY RNUEGHOWH YOREU NVHRUOTYURHVFIRHGYOT8 RGHREUOYHTDFJVKIO RHYERGieHISAOHIuoVVO[UGVDG[WEBCY7UY FBVUISNDIUMFCPSGDFIYNCNGS7IDYFCMISN7IUNYTWRICURFCIUNFIUDSXCMISLFGREUIT7VNBCINFHMRIU TYERSIUFYUHVN ERFGIJHROUTY RNUEGHOWH YOREU NVHRUOTYURHVFIRHGYOT8 RGHREUOYHTDFJVKIO RHYERGieHISAOHIuoVVO[UGVDG[WEBCY7UY FBVUISNDIUMFCPSGDFIYNCNGS7IDYFCMISN7IUNYTWRICURFCIUNFIUDSXCMISLFGREUIT7VNBCINFHMRIU TYERSIUFYUHVN ERFGIJHROUTY RNUEGHOWH YOREU NVHRUOTYURHVFIRHGYOT8 RGHREUOYHTDFJVKIO RHYERGieHISAOHIuoVVO[UGVDG[WEBCY7UY FBVUISNDIUMFCPSGDFIYNCNGS7IDYFCMISN7IUNYTWRICURFCIUNFIUDSXCMISLFGREUIT7VNBCINFHMRIU TYERSIUFYUHVN ERFGIJHROUTY RNUEGHOWH YOREU NVHRUOTYURHVFIRHGYOT8 RGHREUOYHTDFJVKIO RHYERGieHISAOHIuoVVO[UGVDG[WEBCY7UY FBVUISNDIUMFCPSGDFIYNCNGS7IDYFCMISN7IUNYTWRICURFCIUNFIUDSXCMISLFGREUIT7VNBCINFHMRIU TYERSIUFYUHVN ERFGIJHROUTY RNUEGHOWH YOREU NVHRUOTYURHVFIRHGYOT8 RGHREUOYHTDFJVKIO RHYERGieHISAOHIuoVVO[UGVDG[WEBCY7UY FBVUISNDIUMFCPSGDFIYNCNGS7IDYFCMISN7IUNYTWRICURFCIUNFIUDSXCMISLFGREUIT7VNBCINFHMRIU TYERSIUFYUHVN ERFGIJHROUTY RNUEGHOWH YOREU NVHRUOTYURHVFIRHGYOT8 RGHREUOYHTDFJVKIO RHYERGieHISAOHIuoVVO[UGVDG[WEBCY7UY FBVUISNDIUMFCPSGDFIYNCNGS7IDYFCMISN7IUNYTWRICURFCIUNFIUDSXCMISLFGREUIT7VNBCINFHMRIU TYERSIUFYUHVN ERFGIJHROUTY RNUEGHOWH YOREU NVHRUOTYURHVFIRHGYOT8 RGHREUOYHTDFJVKIO RHYERGieHISAOHIuoVVO[UGVDG[WEBCY7UY FBVUISNDIUMFCPSGDFIYNCNGS7IDYFCMISN7IUNYTWRICURFCIUNFIUDSXCMISLFGREUIT7VNBCINFHMRIU TYERSIUFYUHVN ERFGIJHROUTY RNUEGHOWH YOREU NVHRUOTYURHVFIRHGYOT8 RGHREUOYHTDFJVKIO RHYERGieHISAOHIuoVVO[UGVDG[WEBCY7UY FBVUISNDIUMFCPSGDFIYNCNGS7IDYFCMISN7IUNYTWRICURFCIUNFIUDSXCMISLFGREUIT7VNBCINFHMRIU TYERSIUFYUHVN ERFGIJHROUTY RNUEGHOWH YOREU NVHRUOTYURHVFIRHGYOT8 RGHREUOYHTDFJVKIO RHYERGieHISAOHIuoVVO[UGVDG[WEBCY7UY FBVUISNDIUMFCPSGDFIYNCNGS7IDYFCMISN7IUNYTWRICURFCIUNFIUDSXCMISLFGREUIT7VNBCINFHMRIU TYERSIUFYUHVN ERFGIJHROUTY RNUEGHOWH YOREU NVHRUOTYURHVFIRHGYOT8 RGHREUOYHTDFJVKIO RHYERGieHISAOHIuoVVO[UGVDG[WEBCY7UY FBVUISNDIUMFCPSGDFIYNCNGS7IDYFCMISN7IUNYTWRICURFCIUNFIUDSXCMISLFGREUIT7VNBCINFHMRIU TYERSIUFYUHVN ERFGIJHROUTY RNUEGHOWH YOREU NVHRUOTYURHVFIRHGYOT8 RGHREUOYHTDFJVKIO RHYERGieHISAOHIuoVVO[UGVDG[WEBCY7UY FBVUISNDIUMFCPSGDFIYNCNGS7IDYFCMISN7IUNYTWRICURFCIUNFIUDSXCMISLFGREUIT7VNBCINFHMRIU TYERSIUFYUHVN ERFGIJHROUTY RNUEGHOWH YOREU NVHRUOTYURHVFIRHGYOT8 RGHREUOYHTDFJVKIO RHYERGieHISAOHIuoVVO[UGVDG[WEBCY7UY FBVUISNDIUMFCPSGDFIYNCNGS7IDYFCMISN7IUNYTWRICURFCIUNFIUDSXCMISLFGREUIT7VNBCINFHMRIU TYERSIUFYUHVN ERFGIJHROUTY RNUEGHOWH YOREU NVHRUOTYURHVFIRHGYOT8 RGHREUOYHTDFJVKIO RHYERGieHISAOHIuoVVO[UGVDG[WEBCY7UY FBVUISNDIUMFCPSGDFIYNCNGS7IDYFCMISN7IUNYTWRICURFCIUNFIUDSXCMISLFGREUIT7VNBCINFHMRIU TYERSIUFYUHVN ERFGIJHROUTY RNUEGHOWH YOREU NVHRUOTYURHVFIRHGYOT8 RGHREUOYHTDFJVKIO RHYERGieHISAOHIuoVVO[UGVDG[WEBCY7UY FBVUISNDIUMFCPSGDFIYNCNGS7IDYFCMISN7IUNYTWRICURFCIUNFIUDSXCMISLFGREUIT7VNBCINFHMRIU TYERSIUFYUHVN ERFGIJHROUTY RNUEGHOWH YOREU NVHRUOTYURHVFIRHGYOT8 RGHREUOYHTDFJVKIO RHYERGieHISAOHIuoVVO[UGVDG[WEBCY7UY FBVUISNDIUMFCPSGDFIYNCNGS7IDYFCMISN7IUNYTWRICURFCIUNFIUDSXCMISLFGREUIT7VNBCINFHMRIU TYERSIUFYUHVN ERFGIJHROUTY RNUEGHOWH YOREU NVHRUOTYURHVFIRHGYOT8 RGHREUOYHTDFJVKIO RHYERGieHISAOHIuoVVO[UGVDG[WEBCY7UY FBVUISNDIUMFCPSGDFIYNCNGS7IDYFCMISN7IUNYTWRICURFCIUNFIUDSXCMISLFGREUIT7VNBCINFHMRIU TYERSIUFYUHVN ERFGIJHROUTY RNUEGHOWH YOREU NVHRUOTYURHVFIRHGYOT8 RGHREUOYHTDFJVKIO RHYERGieHISAOHIuoVVO[UGVDG[WEBCY7UY FBVUISNDIUMFCPSGDFIYNCNGS7IDYFCMISN7IUNYTWRICURFCIUNFIUDSXCMISLFGREUIT7VNBCINFHMRIU TYERSIUFYUHVN ERFGIJHROUTY RNUEGHOWH YOREU NVHRUOTYURHVFIRHGYOT8 RGHREUOYHTDFJVKIO RHYERGieHISAOHIuoVVO[UGVDG[WEBCY7UY FBVUISNDIUMFCPSGDFIYNCNGS7IDYFCMISN7IUNYTWRICURFCIUNFIUDSXCMISLFGREUIT7VNBCINFHMRIU TYERSIUFYUHVN ERFGIJHROUTY RNUEGHOWH YOREU NVHRUOTYURHVFIRHGYOT8 RGHREUOYHTDFJVKIO RHYERGieHISAOHIuoVVO[UGVDG[WEBCY7UY FBVUISNDIUMFCPSGDFIYNCNGS7IDYFCMISN7IUNYTWRICURFCIUNFIUDSXCMISLFGREUIT7VNBCINFHMRIU TYERSIUFYUHVN ERFGIJHROUTY RNUEGHOWH YOREU NVHRUOTYURHVFIRHGYOT8 RGHREUOYHTDFJVKIO RHYERGieHISAOHIuoVVO[UGVDG[WEBCY7UY FBVUISNDIUMFCPSGDFIYNCNGS7IDYFCMISN7IUNYTWRICURFCIUNFIUDSXCMISLFGREUIT7VNBCINFHMRIU TYERSIUFYUHVN ERFGIJHROUTY RNUEGHOWH YOREU NVHRUOTYURHVFIRHGYOT8 RGHREUOYHTDFJVKIO RHYERGieHISAOHIuoVVO[UGVDG[WEBCY7UY FBVUISNDIUMFCPSGDFIYNCNGS7IDYFCMISN7IUNYTWRICURFCIUNFIUDSXCMISLFGREUIT7VNBCINFHMRIU TYERSIUFYUHVN ERFGIJHROUTY RNUEGHOWH YOREU NVHRUOTYURHVFIRHGYOT8 RGHREUOYHTDFJVKIO RHYERGieHISAOHIuoVVO[UGVDG[WEBCY7UY FBVUISNDIUMFCPSGDFIYNCNGS7IDYFCMISN7IUNYTWRICURFCIUNFIUDSXCMISLFGREUIT7VNBCINFHMRIU TYERSIUFYUHVN ERFGIJHROUTY RNUEGHOWH YOREU NVHRUOTYURHVFIRHGYOT8 RGHREUOYHTDFJVKIO RHYERGieHISAOHIuoVVO[UGVDG[WEBCY7UY FBVUISNDIUMFCPSGDFIYNCNGS7IDYFCMISN7IUNYTWRICURFCIUNFIUDSXCMISLFGREUIT7VNBCINFHMRIU TYERSIUFYUHVN ERFGIJHROUTY RNUEGHOWH YOREU NVHRUOTYURHVFIRHGYOT8 RGHREUOYHTDFJVKIO RHYERGieHISAOHIuoVVO[UGVDG[WEBCY7UY FBVUISNDIUMFCPSGDFIYNCNGS7IDYFCMISN7IUNYTWRICURFCIUNFIUDSXCMISLFGREUIT7VNBCINFHMRIU TYERSIUFYUHVN ERFGIJHROUTY RNUEGHOWH YOREU NVHRUOTYURHVFIRHGYOT8 RGHREUOYHTDFJVKIO RHYERGieHISAOHIuoVVO[UGVDG[WEBCY7UY FBVUISNDIUMFCPSGDFIYNCNGS7IDYFCMISN7IUNYTWRICURFCIUNFIUDSXCMISLFGREUIT7VNBCINFHMRIU TYERSIUFYUHVN ERFGIJHROUTY RNUEGHOWH YOREU NVHRUOTYURHVFIRHGYOT8 RGHREUOYHTDFJVKIO RHYERGieHISAOHIuoVVO[UGVDG[WEBCY7UY FBVUISNDIUMFCPSGDFIYNCNGS7IDYFCMISN7IUNYTWRICURFCIUNFIUDSXCMISLFGREUIT7VNBCINFHMRIU TYERSIUFYUHVN ERFGIJHROUTY RNUEGHOWH YOREU NVHRUOTYURHVFIRHGYOT8 RGHREUOYHTDFJVKIO RHYERGieHISAOHIuoVVO[UGVDG[WEBCY7UY FBVUISNDIUMFCPSGDFIYNCNGS7IDYFCMISN7IUNYTWRICURFCIUNFIUDSXCMISLFGREUIT7VNBCINFHMRIU TYERSIUFYUHVN ERFGIJHROUTY RNUEGHOWH YOREU NVHRUOTYURHVFIRHGYOT8 RGHREUOYHTDFJVKIO RHYERGieHISAOHIuoVVO[UGVDG[WEBCY7UY FBVUISNDIUMFCPSGDFIYNCNGS7IDYFCMISN7IUNYTWRICURFCIUNFIUDSXCMISLFGREUIT7VNBCINFHMRIU TYERSIUFYUHVN ERFGIJHROUTY RNUEGHOWH YOREU NVHRUOTYURHVFIRHGYOT8 RGHREUOYHTDFJVKIO RHYERGieHISAOHIuoVVO[UGVDG[WEBCY7UY FBVUISNDIUMFCPSGDFIYNCNGS7IDYFCMISN7IUNYTWRICURFCIUNFIUDSXCMISLFGREUIT7VNBCINFHMRIU TYERSIUFYUHVN ERFGIJHROUTY RNUEGHOWH YOREU NVHRUOTYURHVFIRHGYOT8 RGHREUOYHTDFJVKIO RHYERGieHISAOHIuoVVO[UGVDG[WEBCY7UY FBVUISNDIUMFCPSGDFIYNCNGS7IDYFCMISN7IUNYTWRICURFCIUNFIUDSXCMISLFGREUIT7VNBCINFHMRIU TYERSIUFYUHVN ERFGIJHROUTY RNUEGHOWH YOREU NVHRUOTYURHVFIRHGYOT8 RGHREUOYHTDFJVKIO RHYERGieHISAOHIuoVVO[UGVDG[WEBCY7UY FBVUISNDIUMFCPSGDFIYNCNGS7IDYFCMISN7IUNYTWRICURFCIUNFIUDSXCMISLFGREUIT7VNBCINFHMRIU TYERSIUFYUHVN ERFGIJHROUTY RNUEGHOWH YOREU NVHRUOTYURHVFIRHGYOT8 RGHREUOYHTDFJVKIO RHYERGieHISAOHIuoVVO[UGVDG[WEBCY7UY FBVUISNDIUMFCPSGDFIYNCNGS7IDYFCMISN7IUNYTWRICURFCIUNFIUDSXCMISLFGREUIT7VNBCINFHMRIU TYERSIUFYUHVN ERFGIJHROUTY RNUEGHOWH YOREU NVHRUOTYURHVFIRHGYOT8 RGHREUOYHTDFJVKIO RHYERGieHISAOHIuoVVO[UGVDG[WEBCY7UY FBVUISNDIUMFCPSGDFIYNCNGS7IDYFCMISN7IUNYTWRICURFCIUNFIUDSXCMISLFGREUIT7VNBCINFHMRIU TYERSIUFYUHVN ERFGIJHROUTY RNUEGHOWH YOREU NVHRUOTYURHVFIRHGYOT8 RGHREUOYHTDFJVKIO RHYERGieHISAOHIuoVVO[UGVDG[WEBCY7UY FBVUISNDIUMFCPSGDFIYNCNGS7IDYFCMISN7IUNYTWRICURFCIUNFIUDSXCMISLFGREUIT7VNBCINFHMRIU TYERSIUFYUHVN ERFGIJHROUTY RNUEGHOWH YOREU NVHRUOTYURHVFIRHGYOT8 RGHREUOYHTDFJVKIO RHYERGieHISAOHIuoVVO[UGVDG[WEBCY7UY FBVUISNDIUMFCPSGDFIYNCNGS7IDYFCMISN7IUNYTWRICURFCIUNFIUDSXCMISLFGREUIT7VNBCINFHMRIU TYERSIUFYUHVN ERFGIJHROUTY RNUEGHOWH YOREU NVHRUOTYURHVFIRHGYOT8 RGHREUOYHTDFJVKIO RHYERGieHISAOHIuoVVO[UGVDG[WEBCY7UY FBVUISNDIUMFCPSGDFIYNCNGS7IDYFCMISN7IUNYTWRICURFCIUNFIUDSXCMISLFGREUIT7VNBCINFHMRIU TYERSIUFYUHVN ERFGIJHROUTY RNUEGHOWH YOREU NVHRUOTYURHVFIRHGYOT8 RGHREUOYHTDFJVKIO RHYERGieHISAOHIuoVVO[UGVDG[WEBCY7UY FBVUISNDIUMFCPSGDFIYNCNGS7IDYFCMISN7IUNYTWRICURFCIUNFIUDSXCMISLFGREUIT7VNBCINFHMRIU TYERSIUFYUHVN ERFGIJHROUTY RNUEGHOWH YOREU NVHRUOTYURHVFIRHGYOT8 RGHREUOYHTDFJVKIO RHYERGieHISAOHIuoVVO[UGVDG[WEBCY7UY FBVUISNDIUMFCPSGDFIYNCNGS7IDYFCMISN7IUNYTWRICURFCIUNFIUDSXCMISLFGREUIT7VNBCINFHMRIU TYERSIUFYUHVN ERFGIJHROUTY RNUEGHOWH YOREU NVHRUOTYURHVFIRHGYOT8 RGHREUOYHTDFJVKIO RHYERGieHISAOHIuoVVO[UGVDG[WEBCY7UY FBVUISNDIUMFCPSGDFIYNCNGS7IDYFCMISN7IUNYTWRICURFCIUNFIUDSXCMISLFGREUIT7VNBCINFHMRIU TYERSIUFYUHVN ERFGIJHROUTY RNUEGHOWH YOREU NVHRUOTYURHVFIRHGYOT8 RGHREUOYHTDFJVKIO RHYERGieHISAOHIuoVVO[UGVDG[WEBCY7UY FBVUISNDIUMFCPSGDFIYNCNGS7IDYFCMISN7IUNYTWRICURFCIUNFIUDSXCMISLFGREUIT7VNBCINFHMRIU TYERSIUFYUHVN ERFGIJHROUTY RNUEGHOWH YOREU NVHRUOTYURHVFIRHGYOT8 RGHREUOYHTDFJVKIO RHYERGieHISAOHIuoVVO[UGVDG[WEBCY7UY FBVUISNDIUMFCPSGDFIYNCNGS7IDYFCMISN7IUNYTWRICURFCIUNFIUDSXCMISLFGREUIT7VNBCINFHMRIU TYERSIUFYUHVN ERFGIJHROUTY RNUEGHOWH YOREU NVHRUOTYURHVFIRHGYOT8 RGHREUOYHTDFJVKIO RHYERGieHISAOHIuoVVO[UGVDG[WEBCY7UY FBVUISNDIUMFCPSGDFIYNCNGS7IDYFCMISN7IUNYTWRICURFCIUNFIUDSXCMISLFGREUIT7VNBCINFHMRIU TYERSIUFYUHVN ERFGIJHROUTY RNUEGHOWH YOREU NVHRUOTYURHVFIRHGYOT8 RGHREUOYHTDFJVKIO RHYERGieHISAOHIuoVVO[UGVDG[WEBCY7UY FBVUISNDIUMFCPSGDFIYNCNGS7IDYFCMISN7IUNYTWRICURFCIUNFIUDSXCMISLFGREUIT7VNBCINFHMRIU TYERSIUFYUHVN ERFGIJHROUTY RNUEGHOWH YOREU NVHRUOTYURHVFIRHGYOT8 RGHREUOYHTDFJVKIO RHYERGieHISAOHIuoVVO[UGVDG[WEBCY7UY FBVUISNDIUMFCPSGDFIYNCNGS7IDYFCMISN7IUNYTWRICURFCIUNFIUDSXCMISLFGREUIT7VNBCINFHMRIU TYERSIUFYUHVN ERFGIJHROUTY RNUEGHOWH YOREU NVHRUOTYURHVFIRHGYOT8 RGHREUOYHTDFJVKIO RHYERGieHISAOHIuoVVO[UGVDG[WEBCY7UY FBVUISNDIUMFCPSGDFIYNCNGS7IDYFCMISN7IUNYTWRICURFCIUNFIUDSXCMISLFGREUIT7VNBCINFHMRIU TYERSIUFYUHVN ERFGIJHROUTY RNUEGHOWH YOREU NVHRUOTYURHVFIRHGYOT8 RGHREUOYHTDFJVKIO RHYERGieHISAOHIuoVVO[UGVDG[WEBCY7UY FBVUISNDIUMFCPSGDFIYNCNGS7IDYFCMISN7IUNYTWRICURFCIUNFIUDSXCMISLFGREUIT7VNBCINFHMRIU TYERSIUFYUHVN ERFGIJHROUTY RNUEGHOWH YOREU NVHRUOTYURHVFIRHGYOT8 RGHREUOYHTDFJVKIO RHYERGieHISAOHIuoVVO[UGVDG[WEBCY7UY FBVUISNDIUMFCPSGDFIYNCNGS7IDYFCMISN7IUNYTWRICURFCIUNFIUDSXCMISLFGREUIT7VNBCINFHMRIU TYERSIUFYUHVN ERFGIJHROUTY RNUEGHOWH YOREU NVHRUOTYURHVFIRHGYOT8 RGHREUOYHTDFJVKIO RHYERGieHISAOHIuoVVO[UGVDG[WEBCY7UY FBVUISNDIUMFCPSGDFIYNCNGS7IDYFCMISN7IUNYTWRICURFCIUNFIUDSXCMISLFGREUIT7VNBCINFHMRIU TYERSIUFYUHVN ERFGIJHROUTY RNUEGHOWH YOREU NVHRUOTYURHVFIRHGYOT8 RGHREUOYHTDFJVKIO RHYERGieHISAOHIuoVVO[UGVDG[WEBCY7UY FBVUISNDIUMFCPSGDFIYNCNGS7IDYFCMISN7IUNYTWRICURFCIUNFIUDSXCMISLFGREUIT7VNBCINFHMRIU TYERSIUFYUHVN ERFGIJHROUTY RNUEGHOWH YOREU NVHRUOTYURHVFIRHGYOT8 RGHREUOYHTDFJVKIO RHYERGieHISAOHIuoVVO[UGVDG[WEBCY7UY FBVUISNDIUMFCPSGDFIYNCNGS7IDYFCMISN7IUNYTWRICURFCIUNFIUDSXCMISLFGREUIT7VNBCINFHMRIU TYERSIUFYUHVN ERFGIJHROUTY RNUEGHOWH YOREU NVHRUOTYURHVFIRHGYOT8 RGHREUOYHTDFJVKIO RHYERGieHISAOHIuoVVO[UGVDG[WEBCY7UY FBVUISNDIUMFCPSGDFIYNCNGS7IDYFCMISN7IUNYTWRICURFCIUNFIUDSXCMISLFGREUIT7VNBCINFHMRIU TYERSIUFYUHVN ERFGIJHROUTY RNUEGHOWH YOREU NVHRUOTYURHVFIRHGYOT8 RGHREUOYHTDFJVKIO RHYERGCINFHMRIU TYERSIUFYUHVN ERFGI
malloc(): unaligned fastbin chunk detected 3
Aborted (core dumped)

